=========== Algorithm Parameters =================
---- nbGranular              is set to 20
---- mu                      is set to 25
---- lambda                  is set to 40
---- nbElite                 is set to 4
---- nbClose                 is set to 5
---- nbIterPenaltyManagement is set to 100
---- targetFeasible          is set to 0.2
---- penaltyDecrease         is set to 0.85
---- penaltyIncrease         is set to 1.2
---- seed                    is set to 1
---- nbIter                  is set to 20000
---- nbIterTraces            is set to 500
---- timeLimit               is set to 600
---- useSwapStar             is set to 1
---- useGpu                  is set to 0
---- useOpenMp               is set to 0
---- makeManyOffspring	   is set to 0
---- numOffspring			   is set to 12
---- numThreadsOffspring	   is set to 12
==================================================
=========== Island Model Parameters ==============
---- useIslandModel					   is set to 1
---- topology							   is set to 3
---- nbNodes							   is set to 8
---- topologyDegree					   is set to 3
---- migrationPolicy					   is set to 0
---- interval							   is set to 20
---- warmup							   is set to 20
---- sendCooldown						   is set to 20
---- receiveStagnationThreshold		   is set to 20
---- minReceiveInterval				   is set to 20
---- maxReceiveInterval				   is set to 100
---- migrantSelector					   is set to 0
---- selectionCount					   is set to 1
---- islandCommunicator				   is set to 0
==================================================
----- READING INSTANCE: C:\Users\sirks\dev\parallel-HGS-CVRP\Instances\CVRP\XL-n10001-k1570.vrp
=========== Algorithm Parameters =================
---- nbGranular              is set to 20
---- mu                      is set to 25
---- lambda                  is set to 40
---- nbElite                 is set to 4
---- nbClose                 is set to 5
---- nbIterPenaltyManagement is set to 100
---- targetFeasible          is set to 0.2
---- penaltyDecrease         is set to 0.85
---- penaltyIncrease         is set to 1.2
---- seed                    is set to 1
---- nbIter                  is set to 20000
---- nbIterTraces            is set to 500
---- timeLimit               is set to 600
---- useSwapStar             is set to 1
---- useGpu                  is set to 0
---- useOpenMp               is set to 0
---- makeManyOffspring	   is set to 0
---- numOffspring			   is set to 12
---- numThreadsOffspring	   is set to 12
==================================================
=========== Island Model Parameters ==============
---- useIslandModel					   is set to 1
---- topology							   is set to 3
---- nbNodes							   is set to 8
---- topologyDegree					   is set to 3
---- migrationPolicy					   is set to 0
---- interval							   is set to 20
---- warmup							   is set to 20
---- sendCooldown						   is set to 20
---- receiveStagnationThreshold		   is set to 20
---- minReceiveInterval				   is set to 20
---- maxReceiveInterval				   is set to 100
---- migrantSelector					   is set to 0
---- selectionCount					   is set to 1
---- islandCommunicator				   is set to 0
==================================================
----- READING INSTANCE: C:\Users\sirks\dev\parallel-HGS-CVRP\Instances\CVRP\XL-n10001-k1570.vrp
=========== Algorithm Parameters =================
---- nbGranular              is set to 20
---- mu                      is set to 25
---- lambda                  is set to 40
---- nbElite                 is set to 4
---- nbClose                 is set to 5
---- nbIterPenaltyManagement is set to 100
---- targetFeasible          is set to 0.2
---- penaltyDecrease         is set to 0.85
---- penaltyIncrease         is set to 1.2
---- seed                    is set to 1
---- nbIter                  is set to 20000
---- nbIterTraces            is set to 500
---- timeLimit               is set to 600
---- useSwapStar             is set to 1
---- useGpu                  is set to 0
---- useOpenMp               is set to 0
---- makeManyOffspring	   is set to 0
---- numOffspring			   is set to 12
---- numThreadsOffspring	   is set to 12
==================================================
=========== Island Model Parameters ==============
---- useIslandModel					   is set to 1
---- topology							   is set to 3
---- nbNodes							   is set to 8
---- topologyDegree					   is set to 3
---- migrationPolicy					   is set to 0
---- interval							   is set to 20
---- warmup							   is set to 20
---- sendCooldown						   is set to 20
---- receiveStagnationThreshold		   is set to 20
---- minReceiveInterval				   is set to 20
---- maxReceiveInterval				   is set to 100
---- migrantSelector					   is set to 0
---- selectionCount					   is set to 1
---- islandCommunicator				   is set to 0
==================================================
----- READING INSTANCE: C:\Users\sirks\dev\parallel-HGS-CVRP\Instances\CVRP\XL-n10001-k1570.vrp
=========== Algorithm Parameters =================
---- nbGranular              is set to 20
---- mu                      is set to 25
---- lambda                  is set to 40
---- nbElite                 is set to 4
---- nbClose                 is set to 5
---- nbIterPenaltyManagement is set to 100
---- targetFeasible          is set to 0.2
---- penaltyDecrease         is set to 0.85
---- penaltyIncrease         is set to 1.2
---- seed                    is set to 1
---- nbIter                  is set to 20000
---- nbIterTraces            is set to 500
---- timeLimit               is set to 600
---- useSwapStar             is set to 1
---- useGpu                  is set to 0
---- useOpenMp               is set to 0
---- makeManyOffspring	   is set to 0
---- numOffspring			   is set to 12
---- numThreadsOffspring	   is set to 12
==================================================
=========== Island Model Parameters ==============
---- useIslandModel					   is set to 1
---- topology							   is set to 3
---- nbNodes							   is set to 8
---- topologyDegree					   is set to 3
---- migrationPolicy					   is set to 0
---- interval							   is set to 20
---- warmup							   is set to 20
---- sendCooldown						   is set to 20
---- receiveStagnationThreshold		   is set to 20
---- minReceiveInterval				   is set to 20
---- maxReceiveInterval				   is set to 100
---- migrantSelector					   is set to 0
---- selectionCount					   is set to 1
---- islandCommunicator				   is set to 0
==================================================
----- READING INSTANCE: C:\Users\sirks\dev\parallel-HGS-CVRP\Instances\CVRP\XL-n10001-k1570.vrp
=========== Algorithm Parameters =================
---- nbGranular              is set to 20
---- mu                      is set to 25
---- lambda                  is set to 40
---- nbElite                 is set to 4
---- nbClose                 is set to 5
---- nbIterPenaltyManagement is set to 100
---- targetFeasible          is set to 0.2
---- penaltyDecrease         is set to 0.85
---- penaltyIncrease         is set to 1.2
---- seed                    is set to 1
---- nbIter                  is set to 20000
---- nbIterTraces            is set to 500
---- timeLimit               is set to 600
---- useSwapStar             is set to 1
---- useGpu                  is set to 0
---- useOpenMp               is set to 0
---- makeManyOffspring	   is set to 0
---- numOffspring			   is set to 12
---- numThreadsOffspring	   is set to 12
==================================================
=========== Island Model Parameters ==============
---- useIslandModel					   is set to 1
---- topology							   is set to 3
---- nbNodes							   is set to 8
---- topologyDegree					   is set to 3
---- migrationPolicy					   is set to 0
---- interval							   is set to 20
---- warmup							   is set to 20
---- sendCooldown						   is set to 20
---- receiveStagnationThreshold		   is set to 20
---- minReceiveInterval				   is set to 20
---- maxReceiveInterval				   is set to 100
---- migrantSelector					   is set to 0
---- selectionCount					   is set to 1
---- islandCommunicator				   is set to 0
==================================================
----- READING INSTANCE: C:\Users\sirks\dev\parallel-HGS-CVRP\Instances\CVRP\XL-n10001-k1570.vrp
=========== Algorithm Parameters =================
---- nbGranular              is set to 20
---- mu                      is set to 25
---- lambda                  is set to 40
---- nbElite                 is set to 4
---- nbClose                 is set to 5
---- nbIterPenaltyManagement is set to 100
---- targetFeasible          is set to 0.2
---- penaltyDecrease         is set to 0.85
---- penaltyIncrease         is set to 1.2
---- seed                    is set to 1
---- nbIter                  is set to 20000
---- nbIterTraces            is set to 500
---- timeLimit               is set to 600
---- useSwapStar             is set to 1
---- useGpu                  is set to 0
---- useOpenMp               is set to 0
---- makeManyOffspring	   is set to 0
---- numOffspring			   is set to 12
---- numThreadsOffspring	   is set to 12
==================================================
=========== Island Model Parameters ==============
---- useIslandModel					   is set to 1
---- topology							   is set to 3
---- nbNodes							   is set to 8
---- topologyDegree					   is set to 3
---- migrationPolicy					   is set to 0
---- interval							   is set to 20
---- warmup							   is set to 20
---- sendCooldown						   is set to 20
---- receiveStagnationThreshold		   is set to 20
---- minReceiveInterval				   is set to 20
---- maxReceiveInterval				   is set to 100
---- migrantSelector					   is set to 0
---- selectionCount					   is set to 1
---- islandCommunicator				   is set to 0
==================================================
----- READING INSTANCE: C:\Users\sirks\dev\parallel-HGS-CVRP\Instances\CVRP\XL-n10001-k1570.vrp
=========== Algorithm Parameters =================
---- nbGranular              is set to 20
---- mu                      is set to 25
---- lambda                  is set to 40
---- nbElite                 is set to 4
---- nbClose                 is set to 5
---- nbIterPenaltyManagement is set to 100
---- targetFeasible          is set to 0.2
---- penaltyDecrease         is set to 0.85
---- penaltyIncrease         is set to 1.2
---- seed                    is set to 1
---- nbIter                  is set to 20000
---- nbIterTraces            is set to 500
---- timeLimit               is set to 600
---- useSwapStar             is set to 1
---- useGpu                  is set to 0
---- useOpenMp               is set to 0
---- makeManyOffspring	   is set to 0
---- numOffspring			   is set to 12
---- numThreadsOffspring	   is set to 12
==================================================
=========== Island Model Parameters ==============
---- useIslandModel					   is set to 1
---- topology							   is set to 3
---- nbNodes							   is set to 8
---- topologyDegree					   is set to 3
---- migrationPolicy					   is set to 0
---- interval							   is set to 20
---- warmup							   is set to 20
---- sendCooldown						   is set to 20
---- receiveStagnationThreshold		   is set to 20
---- minReceiveInterval				   is set to 20
---- maxReceiveInterval				   is set to 100
---- migrantSelector					   is set to 0
---- selectionCount					   is set to 1
---- islandCommunicator				   is set to 0
==================================================
----- READING INSTANCE: C:\Users\sirks\dev\parallel-HGS-CVRP\Instances\CVRP\XL-n10001-k1570.vrp
=========== Algorithm Parameters =================
---- nbGranular              is set to 20
---- mu                      is set to 25
---- lambda                  is set to 40
---- nbElite                 is set to 4
---- nbClose                 is set to 5
---- nbIterPenaltyManagement is set to 100
---- targetFeasible          is set to 0.2
---- penaltyDecrease         is set to 0.85
---- penaltyIncrease         is set to 1.2
---- seed                    is set to 1
---- nbIter                  is set to 20000
---- nbIterTraces            is set to 500
---- timeLimit               is set to 600
---- useSwapStar             is set to 1
---- useGpu                  is set to 0
---- useOpenMp               is set to 0
---- makeManyOffspring	   is set to 0
---- numOffspring			   is set to 12
---- numThreadsOffspring	   is set to 12
==================================================
=========== Island Model Parameters ==============
---- useIslandModel					   is set to 1
---- topology							   is set to 3
---- nbNodes							   is set to 8
---- topologyDegree					   is set to 3
---- migrationPolicy					   is set to 0
---- interval							   is set to 20
---- warmup							   is set to 20
---- sendCooldown						   is set to 20
---- receiveStagnationThreshold		   is set to 20
---- minReceiveInterval				   is set to 20
---- maxReceiveInterval				   is set to 100
---- migrantSelector					   is set to 0
---- selectionCount					   is set to 1
---- islandCommunicator				   is set to 0
==================================================
----- READING INSTANCE: C:\Users\sirks\dev\parallel-HGS-CVRP\Instances\CVRP\XL-n10001-k1570.vrp
----- FLEET SIZE WAS NOT SPECIFIED: DEFAULT INITIALIZATION TO 2044 VEHICLES
----- FLEET SIZE WAS NOT SPECIFIED: DEFAULT INITIALIZATION TO 2044 VEHICLES
----- FLEET SIZE WAS NOT SPECIFIED: DEFAULT INITIALIZATION TO 2044 VEHICLES
----- FLEET SIZE WAS NOT SPECIFIED: DEFAULT INITIALIZATION TO 2044 VEHICLES
----- FLEET SIZE WAS NOT SPECIFIED: DEFAULT INITIALIZATION TO 2044 VEHICLES
----- FLEET SIZE WAS NOT SPECIFIED: DEFAULT INITIALIZATION TO 2044 VEHICLES
----- FLEET SIZE WAS NOT SPECIFIED: DEFAULT INITIALIZATION TO 2044 VEHICLES
----- FLEET SIZE WAS NOT SPECIFIED: DEFAULT INITIALIZATION TO 2044 VEHICLES
----- INSTANCE SUCCESSFULLY LOADED WITH 10000 CLIENTS AND 2044 VEHICLES
----- INSTANCE SUCCESSFULLY LOADED WITH 10000 CLIENTS AND 2044 VEHICLES
----- INSTANCE SUCCESSFULLY LOADED WITH 10000 CLIENTS AND 2044 VEHICLES
----- INSTANCE SUCCESSFULLY LOADED WITH 10000 CLIENTS AND 2044 VEHICLES
----- INSTANCE SUCCESSFULLY LOADED WITH 10000 CLIENTS AND 2044 VEHICLES
----- INSTANCE SUCCESSFULLY LOADED WITH 10000 CLIENTS AND 2044 VEHICLES
----- INSTANCE SUCCESSFULLY LOADED WITH 10000 CLIENTS AND 2044 VEHICLES
----- INSTANCE SUCCESSFULLY LOADED WITH 10000 CLIENTS AND 2044 VEHICLES
----- BUILDING INITIAL POPULATION
----- BUILDING INITIAL POPULATION
----- BUILDING INITIAL POPULATION
----- BUILDING INITIAL POPULATION
----- BUILDING INITIAL POPULATION
----- BUILDING INITIAL POPULATION
----- BUILDING INITIAL POPULATION
----- BUILDING INITIAL POPULATION
----- STARTING GENETIC ALGORITHM
It      0      1 | T(s) 281.90 | Feas 37 2373928.00 2377036.76 | Inf 39 2375524.82 2377724.34 | Div 0.83 0.83 | Feas 0.62 1.00 | Pen 11.82 0.85
----- STARTING GENETIC ALGORITHM
----- STARTING GENETIC ALGORITHM
It      0      2 | T(s) 284.21 | Feas 40 2375239.00 2376945.28 | Inf 41 2372956.29 2377083.94 | Div 0.83 0.82 | Feas 0.59 1.00 | Pen 11.82 0.85
----- STARTING GENETIC ALGORITHM
----- STARTING GENETIC ALGORITHM
It      0      1 | T(s) 284.71 | Feas 36 2373612.00 2377073.92 | Inf 49 2376016.65 2377514.76 | Div 0.83 0.83 | Feas 0.51 1.00 | Pen 11.82 0.85
----- STARTING GENETIC ALGORITHM
It      0      2 | T(s) 285.30 | Feas 41 2376293.00 2377146.72 | Inf 47 2375993.47 2377478.05 | Div 0.83 0.83 | Feas 0.53 1.00 | Pen 11.82 0.85
----- STARTING GENETIC ALGORITHM
It      0      1 | T(s) 286.07 | Feas 38 2375445.00 2377008.80 | Inf 47 2376203.65 2377674.47 | Div 0.83 0.82 | Feas 0.54 1.00 | Pen 11.82 0.85
It      0      1 | T(s) 286.13 | Feas 40 2373724.00 2377014.24 | Inf 43 2373736.65 2377375.70 | Div 0.83 0.82 | Feas 0.58 1.00 | Pen 11.82 0.85
----- STARTING GENETIC ALGORITHM
It      0      2 | T(s) 286.48 | Feas 40 2375373.00 2377037.04 | Inf 43 2375556.82 2377211.29 | Div 0.83 0.83 | Feas 0.58 1.00 | Pen 11.82 0.85
It      0      1 | T(s) 287.81 | Feas 47 2373773.00 2376745.76 | Inf 38 2373770.82 2377200.15 | Div 0.82 0.82 | Feas 0.62 1.00 | Pen 11.82 0.85
----- GENETIC ALGORITHM FINISHED AFTER 227 ITERATIONS. TIME SPENT: 600.095
----- GENETIC ALGORITHM FINISHED AFTER 228 ITERATIONS. TIME SPENT: 600.212
----- GENETIC ALGORITHM FINISHED AFTER 223 ITERATIONS. TIME SPENT: 600.331
----- GENETIC ALGORITHM FINISHED AFTER 235 ITERATIONS. TIME SPENT: 600.3
----- GENETIC ALGORITHM FINISHED AFTER 224 ITERATIONS. TIME SPENT: 600.703
----- GENETIC ALGORITHM FINISHED AFTER 222 ITERATIONS. TIME SPENT: 600.75
----- GENETIC ALGORITHM FINISHED AFTER 224 ITERATIONS. TIME SPENT: 600.79
----- GENETIC ALGORITHM FINISHED AFTER 221 ITERATIONS. TIME SPENT: 600.84
----- BEST GLOBAL COST: 2.3639e+06

====== TELEMETRY SUMMARY ==============================
  instance : C:\Users\sirks\dev\parallel-HGS-CVRP\Instances\CVRP\XL-n10001-k1570.vrp
  seed     : 1
  mode     : island8+star+fixed
  best     : 2363898.00
  iter     : 222
  time(s)  : 600.994

  -- Local search --
  LS calls   : 454
  LS time(ms): 566497
  RI moves   : 5922226
  RI time(ms): 146494  (derived: LS - SWAP*)
  SS time(ms): 420003

  -- CPU SWAP* --
  pairs eval    : 116676907
  moves applied : 2812484  (hit rate: 2.4%)
  time(ms)      : 420003

  -- Island migrations --
  sent     : 84
  received : 74
=======================================================


  -- Hardware utilization (1163 samples @ 500ms) --
  CPU avg util : 8.2 %
  GPU core avg : 0.0 %
  GPU mem  avg : 14.9 %
=======================================================

