=========== Algorithm Parameters =================
---- nbGranular              is set to 20
---- mu                      is set to 25
---- lambda                  is set to 40
---- nbElite                 is set to 4
---- nbClose                 is set to 5
---- nbIterPenaltyManagement is set to 100
---- targetFeasible          is set to 0.2
---- penaltyDecrease         is set to 0.85
---- penaltyIncrease         is set to 1.2
---- seed                    is set to 1
---- nbIter                  is set to 20000
---- nbIterTraces            is set to 500
---- timeLimit               is set to 600
---- useSwapStar             is set to 1
---- useGpu                  is set to 1
---- useOpenMp               is set to 0
---- makeManyOffspring	   is set to 0
---- numOffspring			   is set to 12
---- numThreadsOffspring	   is set to 12
==================================================
=========== Island Model Parameters ==============
---- useIslandModel					   is set to 0
---- topology							   is set to 0
---- nbNodes							   is set to 1
---- topologyDegree					   is set to 3
---- migrationPolicy					   is set to 0
---- interval							   is set to 20
---- warmup							   is set to 20
---- sendCooldown						   is set to 20
---- receiveStagnationThreshold		   is set to 20
---- minReceiveInterval				   is set to 20
---- maxReceiveInterval				   is set to 100
---- migrantSelector					   is set to 0
---- selectionCount					   is set to 1
---- islandCommunicator				   is set to 0
==================================================
----- READING INSTANCE: C:\Users\sirks\dev\parallel-HGS-CVRP\Instances\CVRP\XL-n2634-k17.vrp
----- FLEET SIZE WAS NOT SPECIFIED: DEFAULT INITIALIZATION TO 25 VEHICLES
----- INSTANCE SUCCESSFULLY LOADED WITH 2633 CLIENTS AND 25 VEHICLES
----- BUILDING INITIAL POPULATION
----- STARTING GENETIC ALGORITHM
It      0      2 | T(s) 111.14 | Feas 60 34894.00 35442.52 | NO-INFEASIBLE | Div 0.42 -1.00 | Feas 1.00 1.00 | Pen 108.29 0.85
It    500    125 | T(s) 396.59 | Feas 27 33801.00 34131.04 | NO-INFEASIBLE | Div 0.31 -1.00 | Feas 1.00 1.00 | Pen 48.05 0.38
----- GENETIC ALGORITHM FINISHED AFTER 903 ITERATIONS. TIME SPENT: 600.703

====== TELEMETRY SUMMARY ==============================
  instance : C:\Users\sirks\dev\parallel-HGS-CVRP\Instances\CVRP\XL-n2634-k17.vrp
  seed     : 1
  mode     : single+gpu
  best     : 33527.00
  iter     : 903
  time(s)  : 601.006

  -- Local search --
  LS calls   : 1003
  LS time(ms): 599502
  RI moves   : 3298728
  RI time(ms): 53999  (derived: LS - SWAP*)
  SS time(ms): 545503

  -- GPU SWAP* --
  kernel calls  : 17277
  pairs eval    : 769514  (avg/call: 44)
  moves applied : 54964  (hit rate: 7.1%)
  time(ms)      : 545503
=======================================================


  -- Hardware utilization (1173 samples @ 500ms) --
  CPU avg util : 8.3 %
  GPU core avg : 90.6 %
  GPU mem  avg : 23.7 %
=======================================================

