=========== Algorithm Parameters =================
---- nbGranular              is set to 20
---- mu                      is set to 25
---- lambda                  is set to 40
---- nbElite                 is set to 4
---- nbClose                 is set to 5
---- nbIterPenaltyManagement is set to 100
---- targetFeasible          is set to 0.2
---- penaltyDecrease         is set to 0.85
---- penaltyIncrease         is set to 1.2
---- seed                    is set to 1
---- nbIter                  is set to 20000
---- nbIterTraces            is set to 500
---- timeLimit               is set to 600
---- useSwapStar             is set to 1
---- useGpu                  is set to 0
---- useOpenMp               is set to 0
---- makeManyOffspring	   is set to 0
---- numOffspring			   is set to 12
---- numThreadsOffspring	   is set to 12
==================================================
=========== Island Model Parameters ==============
---- useIslandModel					   is set to 0
---- topology							   is set to 0
---- nbNodes							   is set to 1
---- topologyDegree					   is set to 3
---- migrationPolicy					   is set to 0
---- interval							   is set to 20
---- warmup							   is set to 20
---- sendCooldown						   is set to 20
---- receiveStagnationThreshold		   is set to 20
---- minReceiveInterval				   is set to 20
---- maxReceiveInterval				   is set to 100
---- migrantSelector					   is set to 0
---- selectionCount					   is set to 1
---- islandCommunicator				   is set to 0
==================================================
----- READING INSTANCE: C:\Users\sirks\dev\parallel-HGS-CVRP\Instances\CVRP\XL-n5174-k55.vrp
----- FLEET SIZE WAS NOT SPECIFIED: DEFAULT INITIALIZATION TO 75 VEHICLES
----- INSTANCE SUCCESSFULLY LOADED WITH 5173 CLIENTS AND 75 VEHICLES
----- BUILDING INITIAL POPULATION
----- STARTING GENETIC ALGORITHM
It      0      2 | T(s) 103.06 | Feas 60 67799.00 68454.16 | NO-INFEASIBLE | Div 0.50 -1.00 | Feas 1.00 1.00 | Pen 104.72 0.85
It    500    103 | T(s) 275.64 | Feas 27 66366.00 66828.76 | NO-INFEASIBLE | Div 0.44 -1.00 | Feas 1.00 1.00 | Pen 46.46 0.38
It   1000     51 | T(s) 412.60 | Feas 35 65715.00 66039.84 | NO-INFEASIBLE | Div 0.40 -1.00 | Feas 1.00 1.00 | Pen 20.62 0.17
It   1500    136 | T(s) 537.92 | Feas 43 65593.00 65817.28 | Inf 2 66007.30 66057.30 | Div 0.39 0.03 | Feas 0.99 1.00 | Pen 9.15 0.10
----- GENETIC ALGORITHM FINISHED AFTER 1754 ITERATIONS. TIME SPENT: 600.201

====== TELEMETRY SUMMARY ==============================
  instance : C:\Users\sirks\dev\parallel-HGS-CVRP\Instances\CVRP\XL-n5174-k55.vrp
  seed     : 1
  mode     : single
  best     : 65467.00
  iter     : 1754
  time(s)  : 600.414

  -- Local search --
  LS calls   : 1860
  LS time(ms): 594052
  RI moves   : 6456016
  RI time(ms): 109759  (derived: LS - SWAP*)
  SS time(ms): 484293

  -- CPU SWAP* --
  pairs eval    : 2806685
  moves applied : 680760  (hit rate: 24.3%)
  time(ms)      : 484293
=======================================================


  -- Hardware utilization (1176 samples @ 500ms) --
  CPU avg util : 8.3 %
  GPU core avg : 0.0 %
  GPU mem  avg : 38.3 %
=======================================================

