=========== Algorithm Parameters =================
---- nbGranular              is set to 20
---- mu                      is set to 25
---- lambda                  is set to 40
---- nbElite                 is set to 4
---- nbClose                 is set to 5
---- nbIterPenaltyManagement is set to 100
---- targetFeasible          is set to 0.2
---- penaltyDecrease         is set to 0.85
---- penaltyIncrease         is set to 1.2
---- seed                    is set to 1
---- nbIter                  is set to 20000
---- nbIterTraces            is set to 500
---- timeLimit               is set to 600
---- useSwapStar             is set to 1
---- useGpu                  is set to 1
---- useOpenMp               is set to 0
---- makeManyOffspring	   is set to 1
---- numOffspring			   is set to 16
---- numThreadsOffspring	   is set to 8
==================================================
=========== Island Model Parameters ==============
---- useIslandModel					   is set to 0
---- topology							   is set to 0
---- nbNodes							   is set to 1
---- topologyDegree					   is set to 3
---- migrationPolicy					   is set to 0
---- interval							   is set to 20
---- warmup							   is set to 20
---- sendCooldown						   is set to 20
---- receiveStagnationThreshold		   is set to 20
---- minReceiveInterval				   is set to 20
---- maxReceiveInterval				   is set to 100
---- migrantSelector					   is set to 0
---- selectionCount					   is set to 1
---- islandCommunicator				   is set to 0
==================================================
----- READING INSTANCE: C:\Users\sirks\dev\parallel-HGS-CVRP\Instances\CVRP\XL-n2494-k194.vrp
----- FLEET SIZE WAS NOT SPECIFIED: DEFAULT INITIALIZATION TO 255 VEHICLES
----- INSTANCE SUCCESSFULLY LOADED WITH 2493 CLIENTS AND 255 VEHICLES
----- BUILDING INITIAL POPULATION
----- STARTING GENETIC ALGORITHM
It      0      1 | T(s) 7.73 | Feas 34 368927.00 369418.24 | NO-INFEASIBLE | Div 0.74 -1.00 | Feas 1.00 1.00 | Pen 10.37 0.85
It    500     16 | T(s) 56.11 | Feas 64 366053.00 366297.24 | Inf 46 365559.48 365907.88 | Div 0.59 0.57 | Feas 0.41 1.00 | Pen 4.60 0.38
It   1000    115 | T(s) 109.85 | Feas 29 365840.00 366025.60 | Inf 43 365006.52 365181.98 | Div 0.59 0.55 | Feas 0.17 1.00 | Pen 4.69 0.17
It   1500     47 | T(s) 161.57 | Feas 61 365554.00 365638.60 | Inf 29 364739.48 365066.53 | Div 0.32 0.57 | Feas 0.24 1.00 | Pen 4.79 0.10
It   2000    140 | T(s) 212.20 | Feas 33 365302.00 365719.48 | Inf 45 364450.89 364653.53 | Div 0.60 0.38 | Feas 0.17 1.00 | Pen 4.79 0.10
It   2500    640 | T(s) 262.08 | Feas 61 365302.00 365739.36 | Inf 25 364431.89 364977.97 | Div 0.56 0.58 | Feas 0.21 1.00 | Pen 5.74 0.10
It   3000      3 | T(s) 311.53 | Feas 48 364917.00 365164.72 | Inf 38 364425.63 364646.85 | Div 0.44 0.41 | Feas 0.23 1.00 | Pen 7.03 0.10
It   3500      5 | T(s) 359.22 | Feas 55 364747.00 365141.84 | Inf 48 364419.91 364494.90 | Div 0.42 0.26 | Feas 0.27 1.00 | Pen 8.61 0.10
It   4000    198 | T(s) 406.61 | Feas 53 364514.00 364873.00 | Inf 39 364355.70 364451.56 | Div 0.39 0.28 | Feas 0.24 1.00 | Pen 8.61 0.10
It   4500      4 | T(s) 452.78 | Feas 31 364371.00 364701.56 | Inf 63 364236.28 364357.58 | Div 0.37 0.29 | Feas 0.30 1.00 | Pen 5.29 0.10
It   5000     48 | T(s) 498.57 | Feas 60 364314.00 364411.56 | Inf 49 364139.35 364196.94 | Div 0.20 0.15 | Feas 0.29 1.00 | Pen 5.39 0.10
It   5500     76 | T(s) 543.48 | Feas 31 364257.00 364441.08 | Inf 58 364086.99 364124.23 | Div 0.33 0.14 | Feas 0.21 1.00 | Pen 5.50 0.10
It   6000     60 | T(s) 588.63 | Feas 25 364086.00 364594.72 | Inf 39 364011.87 364110.65 | Div 0.45 0.23 | Feas 0.30 1.00 | Pen 5.61 0.10
----- GENETIC ALGORITHM FINISHED AFTER 6131 ITERATIONS. TIME SPENT: 600.074

====== TELEMETRY SUMMARY ==============================
  instance : C:\Users\sirks\dev\parallel-HGS-CVRP\Instances\CVRP\XL-n2494-k194.vrp
  seed     : 1
  mode     : single+gpu+offspring16t8
  best     : 364057.00
  iter     : 6131
  time(s)  : 600.284

  -- Local search --
  LS calls   : 135268
  LS time(ms): 3461262
  RI moves   : 39808278
  RI time(ms): 2817881  (derived: LS - SWAP*)
  SS time(ms): 643381

  -- GPU SWAP* --
  kernel calls  : 1411566
  pairs eval    : 793553938  (avg/call: 562)
  moves applied : 10519601  (hit rate: 1.3%)
  time(ms)      : 643381

  -- Parallel offspring --
  rounds      : 6131
  generated   : 98096
  time(ms)    : 592308
=======================================================


  -- Hardware utilization (1174 samples @ 500ms) --
  CPU avg util : 61.1 %
  GPU core avg : 26.5 %
  GPU mem  avg : 2.9 %
=======================================================

