=========== Algorithm Parameters =================
---- nbGranular              is set to 20
---- mu                      is set to 25
---- lambda                  is set to 40
---- nbElite                 is set to 4
---- nbClose                 is set to 5
---- nbIterPenaltyManagement is set to 100
---- targetFeasible          is set to 0.2
---- penaltyDecrease         is set to 0.85
---- penaltyIncrease         is set to 1.2
---- seed                    is set to 1
---- nbIter                  is set to 20000
---- nbIterTraces            is set to 500
---- timeLimit               is set to 600
---- useSwapStar             is set to 1
---- useGpu                  is set to 1
---- useOpenMp               is set to 0
---- makeManyOffspring	   is set to 1
---- numOffspring			   is set to 16
---- numThreadsOffspring	   is set to 8
==================================================
=========== Island Model Parameters ==============
---- useIslandModel					   is set to 1
---- topology							   is set to 3
---- nbNodes							   is set to 8
---- topologyDegree					   is set to 3
---- migrationPolicy					   is set to 0
---- interval							   is set to 20
---- warmup							   is set to 20
---- sendCooldown						   is set to 20
---- receiveStagnationThreshold		   is set to 20
---- minReceiveInterval				   is set to 20
---- maxReceiveInterval				   is set to 100
---- migrantSelector					   is set to 0
---- selectionCount					   is set to 1
---- islandCommunicator				   is set to 0
==================================================
----- READING INSTANCE: C:\Users\sirks\dev\parallel-HGS-CVRP\Instances\CVRP\XL-n5288-k1246.vrp
=========== Algorithm Parameters =================
---- nbGranular              is set to 20
---- mu                      is set to 25
---- lambda                  is set to 40
---- nbElite                 is set to 4
---- nbClose                 is set to 5
---- nbIterPenaltyManagement is set to 100
---- targetFeasible          is set to 0.2
---- penaltyDecrease         is set to 0.85
---- penaltyIncrease         is set to 1.2
---- seed                    is set to 1
---- nbIter                  is set to 20000
---- nbIterTraces            is set to 500
---- timeLimit               is set to 600
---- useSwapStar             is set to 1
---- useGpu                  is set to 1
---- useOpenMp               is set to 0
---- makeManyOffspring	   is set to 1
---- numOffspring			   is set to 16
---- numThreadsOffspring	   is set to 8
==================================================
=========== Island Model Parameters ==============
---- useIslandModel					   is set to 1
---- topology							   is set to 3
---- nbNodes							   is set to 8
---- topologyDegree					   is set to 3
---- migrationPolicy					   is set to 0
---- interval							   is set to 20
---- warmup							   is set to 20
---- sendCooldown						   is set to 20
---- receiveStagnationThreshold		   is set to 20
---- minReceiveInterval				   is set to 20
---- maxReceiveInterval				   is set to 100
---- migrantSelector					   is set to 0
---- selectionCount					   is set to 1
---- islandCommunicator				   is set to 0
==================================================
----- READING INSTANCE: C:\Users\sirks\dev\parallel-HGS-CVRP\Instances\CVRP\XL-n5288-k1246.vrp
=========== Algorithm Parameters =================
---- nbGranular              is set to 20
---- mu                      is set to 25
---- lambda                  is set to 40
---- nbElite                 is set to 4
---- nbClose                 is set to 5
---- nbIterPenaltyManagement is set to 100
---- targetFeasible          is set to 0.2
---- penaltyDecrease         is set to 0.85
---- penaltyIncrease         is set to 1.2
---- seed                    is set to 1
---- nbIter                  is set to 20000
---- nbIterTraces            is set to 500
---- timeLimit               is set to 600
---- useSwapStar             is set to 1
---- useGpu                  is set to 1
---- useOpenMp               is set to 0
---- makeManyOffspring	   is set to 1
---- numOffspring			   is set to 16
---- numThreadsOffspring	   is set to 8
==================================================
=========== Island Model Parameters ==============
---- useIslandModel					   is set to 1
---- topology							   is set to 3
---- nbNodes							   is set to 8
---- topologyDegree					   is set to 3
---- migrationPolicy					   is set to 0
---- interval							   is set to 20
---- warmup							   is set to 20
---- sendCooldown						   is set to 20
---- receiveStagnationThreshold		   is set to 20
---- minReceiveInterval				   is set to 20
---- maxReceiveInterval				   is set to 100
---- migrantSelector					   is set to 0
---- selectionCount					   is set to 1
---- islandCommunicator				   is set to 0
==================================================
----- READING INSTANCE: C:\Users\sirks\dev\parallel-HGS-CVRP\Instances\CVRP\XL-n5288-k1246.vrp
=========== Algorithm Parameters =================
---- nbGranular              is set to 20
---- mu                      is set to 25
---- lambda                  is set to 40
---- nbElite                 is set to 4
---- nbClose                 is set to 5
---- nbIterPenaltyManagement is set to 100
---- targetFeasible          is set to 0.2
---- penaltyDecrease         is set to 0.85
---- penaltyIncrease         is set to 1.2
---- seed                    is set to 1
---- nbIter                  is set to 20000
---- nbIterTraces            is set to 500
---- timeLimit               is set to 600
---- useSwapStar             is set to 1
---- useGpu                  is set to 1
---- useOpenMp               is set to 0
---- makeManyOffspring	   is set to 1
---- numOffspring			   is set to 16
---- numThreadsOffspring	   is set to 8
==================================================
=========== Island Model Parameters ==============
---- useIslandModel					   is set to 1
---- topology							   is set to 3
---- nbNodes							   is set to 8
---- topologyDegree					   is set to 3
---- migrationPolicy					   is set to 0
---- interval							   is set to 20
---- warmup							   is set to 20
---- sendCooldown						   is set to 20
---- receiveStagnationThreshold		   is set to 20
---- minReceiveInterval				   is set to 20
---- maxReceiveInterval				   is set to 100
---- migrantSelector					   is set to 0
---- selectionCount					   is set to 1
---- islandCommunicator				   is set to 0
==================================================
----- READING INSTANCE: C:\Users\sirks\dev\parallel-HGS-CVRP\Instances\CVRP\XL-n5288-k1246.vrp
=========== Algorithm Parameters =================
---- nbGranular              is set to 20
---- mu                      is set to 25
---- lambda                  is set to 40
---- nbElite                 is set to 4
---- nbClose                 is set to 5
---- nbIterPenaltyManagement is set to 100
---- targetFeasible          is set to 0.2
---- penaltyDecrease         is set to 0.85
---- penaltyIncrease         is set to 1.2
---- seed                    is set to 1
---- nbIter                  is set to 20000
---- nbIterTraces            is set to 500
---- timeLimit               is set to 600
---- useSwapStar             is set to 1
---- useGpu                  is set to 1
---- useOpenMp               is set to 0
---- makeManyOffspring	   is set to 1
---- numOffspring			   is set to 16
---- numThreadsOffspring	   is set to 8
==================================================
=========== Island Model Parameters ==============
---- useIslandModel					   is set to 1
---- topology							   is set to 3
---- nbNodes							   is set to 8
---- topologyDegree					   is set to 3
---- migrationPolicy					   is set to 0
---- interval							   is set to 20
---- warmup							   is set to 20
---- sendCooldown						   is set to 20
---- receiveStagnationThreshold		   is set to 20
---- minReceiveInterval				   is set to 20
---- maxReceiveInterval				   is set to 100
---- migrantSelector					   is set to 0
---- selectionCount					   is set to 1
---- islandCommunicator				   is set to 0
==================================================
----- READING INSTANCE: C:\Users\sirks\dev\parallel-HGS-CVRP\Instances\CVRP\XL-n5288-k1246.vrp
=========== Algorithm Parameters =================
---- nbGranular              is set to 20
---- mu                      is set to 25
---- lambda                  is set to 40
---- nbElite                 is set to 4
---- nbClose                 is set to 5
---- nbIterPenaltyManagement is set to 100
---- targetFeasible          is set to 0.2
---- penaltyDecrease         is set to 0.85
---- penaltyIncrease         is set to 1.2
---- seed                    is set to 1
---- nbIter                  is set to 20000
---- nbIterTraces            is set to 500
---- timeLimit               is set to 600
---- useSwapStar             is set to 1
=========== Algorithm Parameters =================
---- useGpu                  is set to 1
---- nbGranular              is set to 20
---- useOpenMp               is set to 0
---- mu                      is set to 25
---- makeManyOffspring	   is set to 1
---- lambda                  is set to 40
---- numOffspring			   is set to 16
---- nbElite                 is set to 4
---- nbClose                 is set to 5
---- numThreadsOffspring	   is set to 8
---- nbIterPenaltyManagement is set to 100
==================================================
---- targetFeasible          is set to 0.2
=========== Island Model Parameters ==============
---- penaltyDecrease         is set to 0.85
---- useIslandModel					   is set to 1
---- penaltyIncrease         is set to 1.2
---- topology							   is set to 3
---- seed                    is set to 1
---- nbNodes							   is set to 8
---- nbIter                  is set to 20000
---- topologyDegree					   is set to 3
---- nbIterTraces            is set to 500
---- migrationPolicy					   is set to 0
---- timeLimit               is set to 600
---- interval							   is set to 20
---- useSwapStar             is set to 1
---- warmup							   is set to 20
---- useGpu                  is set to 1
---- sendCooldown						   is set to 20
---- useOpenMp               is set to 0
---- receiveStagnationThreshold		   is set to 20
---- makeManyOffspring	   is set to 1
---- minReceiveInterval				   is set to 20
---- numOffspring			   is set to 16
---- maxReceiveInterval				   is set to 100
---- numThreadsOffspring	   is set to 8
---- migrantSelector					   is set to 0
==================================================
---- selectionCount					   is set to 1
=========== Island Model Parameters ==============
---- islandCommunicator				   is set to 0
---- useIslandModel					   is set to 1
==================================================
---- topology							   is set to 3
----- READING INSTANCE: C:\Users\sirks\dev\parallel-HGS-CVRP\Instances\CVRP\XL-n5288-k1246.vrp
---- nbNodes							   is set to 8
---- topologyDegree					   is set to 3
---- migrationPolicy					   is set to 0
---- interval							   is set to 20
---- warmup							   is set to 20
---- sendCooldown						   is set to 20
---- receiveStagnationThreshold		   is set to 20
---- minReceiveInterval				   is set to 20
---- maxReceiveInterval				   is set to 100
---- migrantSelector					   is set to 0
---- selectionCount					   is set to 1
---- islandCommunicator				   is set to 0
==================================================
----- READING INSTANCE: C:\Users\sirks\dev\parallel-HGS-CVRP\Instances\CVRP\XL-n5288-k1246.vrp
=========== Algorithm Parameters =================
---- nbGranular              is set to 20
---- mu                      is set to 25
---- lambda                  is set to 40
---- nbElite                 is set to 4
---- nbClose                 is set to 5
---- nbIterPenaltyManagement is set to 100
---- targetFeasible          is set to 0.2
---- penaltyDecrease         is set to 0.85
---- penaltyIncrease         is set to 1.2
---- seed                    is set to 1
---- nbIter                  is set to 20000
---- nbIterTraces            is set to 500
---- timeLimit               is set to 600
---- useSwapStar             is set to 1
---- useGpu                  is set to 1
---- useOpenMp               is set to 0
---- makeManyOffspring	   is set to 1
---- numOffspring			   is set to 16
---- numThreadsOffspring	   is set to 8
==================================================
=========== Island Model Parameters ==============
---- useIslandModel					   is set to 1
---- topology							   is set to 3
---- nbNodes							   is set to 8
---- topologyDegree					   is set to 3
---- migrationPolicy					   is set to 0
---- interval							   is set to 20
---- warmup							   is set to 20
---- sendCooldown						   is set to 20
---- receiveStagnationThreshold		   is set to 20
---- minReceiveInterval				   is set to 20
---- maxReceiveInterval				   is set to 100
---- migrantSelector					   is set to 0
---- selectionCount					   is set to 1
---- islandCommunicator				   is set to 0
==================================================
----- READING INSTANCE: C:\Users\sirks\dev\parallel-HGS-CVRP\Instances\CVRP\XL-n5288-k1246.vrp
----- FLEET SIZE WAS NOT SPECIFIED: DEFAULT INITIALIZATION TO 1622 VEHICLES
----- FLEET SIZE WAS NOT SPECIFIED: DEFAULT INITIALIZATION TO 1622 VEHICLES
----- FLEET SIZE WAS NOT SPECIFIED: DEFAULT INITIALIZATION TO 1622 VEHICLES
----- FLEET SIZE WAS NOT SPECIFIED: DEFAULT INITIALIZATION TO 1622 VEHICLES
----- FLEET SIZE WAS NOT SPECIFIED: DEFAULT INITIALIZATION TO 1622 VEHICLES
----- FLEET SIZE WAS NOT SPECIFIED: DEFAULT INITIALIZATION TO 1622 VEHICLES
----- FLEET SIZE WAS NOT SPECIFIED: DEFAULT INITIALIZATION TO 1622 VEHICLES
----- FLEET SIZE WAS NOT SPECIFIED: DEFAULT INITIALIZATION TO 1622 VEHICLES
----- INSTANCE SUCCESSFULLY LOADED WITH 5287 CLIENTS AND 1622 VEHICLES
----- INSTANCE SUCCESSFULLY LOADED WITH 5287 CLIENTS AND 1622 VEHICLES
----- INSTANCE SUCCESSFULLY LOADED WITH 5287 CLIENTS AND 1622 VEHICLES
----- INSTANCE SUCCESSFULLY LOADED WITH 5287 CLIENTS AND 1622 VEHICLES
----- INSTANCE SUCCESSFULLY LOADED WITH 5287 CLIENTS AND 1622 VEHICLES
----- INSTANCE SUCCESSFULLY LOADED WITH 5287 CLIENTS AND 1622 VEHICLES
----- INSTANCE SUCCESSFULLY LOADED WITH 5287 CLIENTS AND 1622 VEHICLES
----- INSTANCE SUCCESSFULLY LOADED WITH 5287 CLIENTS AND 1622 VEHICLES
----- BUILDING INITIAL POPULATION
----- BUILDING INITIAL POPULATION
----- BUILDING INITIAL POPULATION
----- BUILDING INITIAL POPULATION
----- BUILDING INITIAL POPULATION
----- BUILDING INITIAL POPULATION
----- BUILDING INITIAL POPULATION
----- BUILDING INITIAL POPULATION
----- STARTING GENETIC ALGORITHM
----- STARTING GENETIC ALGORITHM
----- STARTING GENETIC ALGORITHM
----- GENETIC ALGORITHM FINISHED AFTER 0 ITERATIONS. TIME SPENT: 604.941
----- GENETIC ALGORITHM FINISHED AFTER 0 ITERATIONS. TIME SPENT: 611.48
----- GENETIC ALGORITHM FINISHED AFTER 0 ITERATIONS. TIME SPENT: 614.338
----- STARTING GENETIC ALGORITHM
----- GENETIC ALGORITHM FINISHED AFTER 0 ITERATIONS. TIME SPENT: 614.673
----- STARTING GENETIC ALGORITHM
----- GENETIC ALGORITHM FINISHED AFTER 0 ITERATIONS. TIME SPENT: 615.802
----- STARTING GENETIC ALGORITHM
----- GENETIC ALGORITHM FINISHED AFTER 0 ITERATIONS. TIME SPENT: 616.023
----- STARTING GENETIC ALGORITHM
----- GENETIC ALGORITHM FINISHED AFTER 0 ITERATIONS. TIME SPENT: 617.026
----- STARTING GENETIC ALGORITHM
----- GENETIC ALGORITHM FINISHED AFTER 0 ITERATIONS. TIME SPENT: 617.466
----- BEST GLOBAL COST: 2.01201e+06

====== TELEMETRY SUMMARY ==============================
  instance : C:\Users\sirks\dev\parallel-HGS-CVRP\Instances\CVRP\XL-n5288-k1246.vrp
  seed     : 1
  mode     : island8+star+fixed+gpu+offspring16t8
  best     : 2012012.00
  iter     : 0
  time(s)  : 617.921

  -- Local search --
  LS calls   : 35
  LS time(ms): 574841
  RI moves   : 789404
  RI time(ms): 8612  (derived: LS - SWAP*)
  SS time(ms): 566229

  -- GPU SWAP* --
  kernel calls  : 496
  pairs eval    : 11058758  (avg/call: 22295)
  moves applied : 58322  (hit rate: 0.5%)
  time(ms)      : 566229
=======================================================


  -- Hardware utilization (1207 samples @ 500ms) --
  CPU avg util : 7.3 %
  GPU core avg : 96.2 %
  GPU mem  avg : 3.1 %
=======================================================

