=========== Algorithm Parameters =================
---- nbGranular              is set to 20
---- mu                      is set to 25
---- lambda                  is set to 40
---- nbElite                 is set to 4
---- nbClose                 is set to 5
---- nbIterPenaltyManagement is set to 100
---- targetFeasible          is set to 0.2
---- penaltyDecrease         is set to 0.85
---- penaltyIncrease         is set to 1.2
---- seed                    is set to 1
---- nbIter                  is set to 20000
---- nbIterTraces            is set to 500
---- timeLimit               is set to 600
---- useSwapStar             is set to 1
---- useGpu                  is set to 1
---- useOpenMp               is set to 0
---- makeManyOffspring	   is set to 1
---- numOffspring			   is set to 16
---- numThreadsOffspring	   is set to 8
==================================================
=========== Island Model Parameters ==============
---- useIslandModel					   is set to 0
---- topology							   is set to 0
---- nbNodes							   is set to 1
---- topologyDegree					   is set to 3
---- migrationPolicy					   is set to 0
---- interval							   is set to 20
---- warmup							   is set to 20
---- sendCooldown						   is set to 20
---- receiveStagnationThreshold		   is set to 20
---- minReceiveInterval				   is set to 20
---- maxReceiveInterval				   is set to 100
---- migrantSelector					   is set to 0
---- selectionCount					   is set to 1
---- islandCommunicator				   is set to 0
==================================================
----- READING INSTANCE: C:\Users\sirks\dev\parallel-HGS-CVRP\Instances\CVRP\XL-n2634-k17.vrp
----- FLEET SIZE WAS NOT SPECIFIED: DEFAULT INITIALIZATION TO 25 VEHICLES
----- INSTANCE SUCCESSFULLY LOADED WITH 2633 CLIENTS AND 25 VEHICLES
----- BUILDING INITIAL POPULATION
----- STARTING GENETIC ALGORITHM
It      0      1 | T(s) 124.34 | Feas 34 34773.00 35266.92 | NO-INFEASIBLE | Div 0.41 -1.00 | Feas 1.00 1.00 | Pen 108.29 0.85
----- GENETIC ALGORITHM FINISHED AFTER 91 ITERATIONS. TIME SPENT: 601.964

====== TELEMETRY SUMMARY ==============================
  instance : C:\Users\sirks\dev\parallel-HGS-CVRP\Instances\CVRP\XL-n2634-k17.vrp
  seed     : 1
  mode     : single+gpu+offspring16t8
  best     : 33597.00
  iter     : 91
  time(s)  : 602.030

  -- Local search --
  LS calls   : 1556
  LS time(ms): 3663293
  RI moves   : 3364674
  RI time(ms): 78769  (derived: LS - SWAP*)
  SS time(ms): 3584524

  -- GPU SWAP* --
  kernel calls  : 22307
  pairs eval    : 895889  (avg/call: 40)
  moves applied : 61876  (hit rate: 6.9%)
  time(ms)      : 3584524

  -- Parallel offspring --
  rounds      : 91
  generated   : 1456
  time(ms)    : 485048
=======================================================


  -- Hardware utilization (1177 samples @ 500ms) --
  CPU avg util : 10.2 %
  GPU core avg : 97.4 %
  GPU mem  avg : 34.0 %
=======================================================

